../classes/ArtefactModel.class.php
../classes/Artefacts.extension.php
../classes/Comment.class.php
../classes/CompetenceRaster.php
../classes/Competences.extension.php
../classes/Connections.extension.php
../classes/Invite.class.php
../classes/Portfolio.extension.php
../classes/PortfolioExtensionDocumentModel.php
../classes/PortfolioExtensionLinkModel.php
../classes/PortfolioExtensionModel.php
../classes/PortfolioHome.extension.php
../classes/PortfolioModel.class.php
../classes/Portfolios.extension.php
../classes/Util.class.php
../classes/commands/Blog.class.php
../classes/commands/CreateArtefact.class.php
../classes/commands/CreateNote.class.php
../classes/commands/Creategroups.class.php
../classes/commands/Dummy.class.php
../classes/commands/DummyCompetence.class.php
../classes/commands/Editprofile.class.php
../classes/commands/Employmentprofile.class.php
../classes/commands/Fileupload.class.php
../classes/commands/GetPopupMenu.class.php
../classes/commands/Groups.class.php
../classes/commands/Index.class.php
../classes/commands/Init.class.php
../classes/commands/LoadArtefacts.class.php
../classes/commands/LoadLatest.class.php
../classes/commands/LoadPortfolio.class.php
../classes/commands/LoadPortfolios.class.php
../classes/commands/ManageArtefacts.class.php
../classes/commands/ManagePortfolios.class.php
../classes/commands/MyPortfolio.class.php
../classes/commands/NewArtefact.class.php
../classes/commands/NewElement.class.php
../classes/commands/NewNoteForm.class.php
../classes/commands/NewUploadForm.class.php
../classes/commands/Profile.class.php
../classes/commands/Qualificationprofile.class.php
../classes/commands/Searchgroups.class.php
../classes/commands/SetCompetence.class.php
../classes/commands/SharedProfiles.class.php
../classes/commands/UpdateCompetence.class.php
../classes/commands/ViewArtefact.class.php
../classes/commands/ViewChart.class.php
../classes/commands/ViewCompetence.class.php
../classes/commands/ViewPortfolio.class.php
../classes/commands/WizardBlogs.class.php
../classes/commands/WizardCertificates.class.php
../classes/commands/WizardLinks.class.php
../classes/commands/debug/Artefactsdebug.class.php
../classes/commands/debug/DebugCompetenceRaster.class.php
../classes/commands/debug/Dummy.class.php
../classes/commands/debug/Portfoliosdebug.class.php
../classes/commands/debug/ResetPortfolio.class.php
../classes/commands/revised/ListArtefacts.class.php
../classes/commands/revised/ListPortfolios.class.php
../classes/commands/revised/MyPortfolios.class.php
../etc/default.def.php